<?xml version="1.0" ?>
<testsuites disabled="0" errors="0" failures="0" tests="5" time="20.624199628829956">
	<testsuite disabled="0" errors="0" failures="0" name="Open-CE tests for open-ce-builder with labels: long,distributed" skipped="0" tests="5" time="20.624199628829956">
		<testcase name="Create conda environment opence-conda-env-20220914081258" time="16.936079" timestamp="1663157578.0440617" classname="open-ce-builder:test-conda-env2.yaml" class="open-ce-builder:test-conda-env2.yaml" file="Prefix-tests/open-ce-tests.yaml"/>
		<testcase name="Test Long" time="0.638247" timestamp="1663157594.9806051" classname="open-ce-builder:test-conda-env2.yaml" class="open-ce-builder:test-conda-env2.yaml" file="tests/open-ce-tests.yaml"/>
		<testcase name="Test Distributed" time="0.636515" timestamp="1663157595.6193457" classname="open-ce-builder:test-conda-env2.yaml" class="open-ce-builder:test-conda-env2.yaml" file="tests/open-ce-tests.yaml"/>
		<testcase name="Test Long and Distributed" time="0.637910" timestamp="1663157596.2564123" classname="open-ce-builder:test-conda-env2.yaml" class="open-ce-builder:test-conda-env2.yaml" file="tests/open-ce-tests.yaml"/>
		<testcase name="Remove conda environment opence-conda-env-20220914081258" time="1.775449" timestamp="1663157596.8950124" classname="open-ce-builder:test-conda-env2.yaml" class="open-ce-builder:test-conda-env2.yaml" file="Postfix-tests/open-ce-tests.yaml"/>
	</testsuite>
</testsuites>
